---
source: src/syntax/parser.rs
expression: node
---
ROOT@0..0

